// Vitest Snapshot v1, https://vitest.dev/guide/snapshot.html

exports[`prazo do áudio de reunião nos textos da tela > o texto inteiro das frases do prazo, nos 10 idiomas, bate com o snapshot versionado 1`] = `
{
  "ar": {
    "audioDeadlinePending": "· يُحذف بعد 24 ساعة من التفريغ النصي (أو من فشله)",
    "availableUntilAt": "· متاح حتى {{date}}",
    "consentCheckboxLabel": "أؤكد أن جميع الأطراف المشاركة صرّحت بالتسجيل والمعالجة الخاصة لهذا الصوت، الذي يُحذف بعد 24 ساعة من التفريغ النصي (أو من فشله).",
    "consentNotice": "سجّلي فقط بموافقة جميع الأشخاص. الصوت خاص ويُحذف بعد 24 ساعة من التفريغ النصي (أو من فشله).",
    "privacyNotice": "يبقى الصوت مقتصرًا على حسابك ويُحذف تلقائيًا بعد 24 ساعة من التفريغ النصي (أو من فشله). يظل النص المكتوب خاصًا ضمن شبكتك.",
    "recordingExpiredNoTranscript": "لا يوجد صوت محفوظ لهذا الاجتماع. عندما يفشل التفريغ النصي، يُحذف الصوت بعد 24 ساعة من الفشل.",
    "recordingExpiredNotice": "تم حذف صوت هذا الاجتماع بالفعل: يُحفظ الصوت 24 ساعة فقط بعد التفريغ النصي. يبقى النص المكتوب هنا.",
    "reprocessHint": "يبقى صوت هذا الاجتماع محفوظًا حتى {{date}}. تستخدم إعادة المعالجة الصوت نفسه دون تسجيل جديد، وتستبدل النص المكتوب والاقتراحات السابقة. إذا نجحت، يبقى الصوت محفوظًا 24 ساعة إضافية من وقت التفريغ الجديد.",
  },
  "de": {
    "audioDeadlinePending": "· wird 24 Stunden nach der Transkription (oder nach deren Fehlschlag) gelöscht",
    "availableUntilAt": "· verfügbar bis {{date}}",
    "consentCheckboxLabel": "Ich bestätige, dass alle teilnehmenden Personen die Aufnahme und die private Verarbeitung dieses Audios genehmigt haben, das 24 Stunden nach der Transkription (oder nach deren Fehlschlag) gelöscht wird.",
    "consentNotice": "Nehmen Sie nur mit Zustimmung aller Beteiligten auf. Das Audio ist privat und wird 24 Stunden nach der Transkription (oder nach deren Fehlschlag) gelöscht.",
    "privacyNotice": "Das Audio bleibt auf Ihr Konto beschränkt und wird 24 Stunden nach der Transkription (oder nach deren Fehlschlag) automatisch gelöscht. Die Transkription bleibt privat in Ihrem Netzwerk.",
    "recordingExpiredNoTranscript": "Für dieses Meeting ist kein Audio gespeichert. Wenn die Transkription fehlschlägt, wird das Audio 24 Stunden nach dem Fehlschlag gelöscht.",
    "recordingExpiredNotice": "Das Audio dieses Meetings wurde bereits gelöscht: Es wird nur 24 Stunden nach der Transkription aufbewahrt. Die Transkription bleibt weiterhin hier verfügbar.",
    "reprocessHint": "Das Audio dieses Meetings bleibt bis zum {{date}} gespeichert. Die erneute Verarbeitung nutzt dasselbe Audio ohne neue Aufnahme und ersetzt die bisherige Transkription und die Vorschläge. Gelingt sie, bleibt das Audio ab der neuen Transkription weitere 24 Stunden gespeichert.",
  },
  "en": {
    "audioDeadlinePending": "· deleted 24 hours after transcription (or after it fails)",
    "availableUntilAt": "· available until {{date}}",
    "consentCheckboxLabel": "I confirm that everyone participating has authorized the recording and private handling of this audio, which is deleted 24 hours after transcription (or after it fails).",
    "consentNotice": "Only record with the consent of everyone involved. The audio is private and is deleted 24 hours after transcription (or after it fails).",
    "privacyNotice": "The audio stays restricted to your account and is automatically deleted 24 hours after transcription (or after it fails). The transcript remains private within your network.",
    "recordingExpiredNoTranscript": "No audio is stored for this meeting. When transcription fails, the audio is deleted 24 hours after the failure.",
    "recordingExpiredNotice": "This meeting's audio has already been deleted: it is only kept for 24 hours after transcription. The transcript is still here.",
    "reprocessHint": "This meeting's audio is still stored until {{date}}. Reprocessing uses the same audio, with no new recording, and replaces the previous transcript and suggestions. If it succeeds, the audio is kept for another 24 hours from the new transcription.",
  },
  "es": {
    "audioDeadlinePending": "· se elimina 24 horas después de la transcripción (o de su fallo)",
    "availableUntilAt": "· disponible hasta {{date}}",
    "consentCheckboxLabel": "Confirmo que todas las personas participantes autorizaron la grabación y el tratamiento privado de este audio, que se elimina 24 horas después de la transcripción (o de su fallo).",
    "consentNotice": "Graba solo con el consentimiento de todas las personas. El audio es privado y se elimina 24 horas después de la transcripción (o de su fallo).",
    "privacyNotice": "El audio queda restringido a tu cuenta y se elimina automáticamente 24 horas después de la transcripción (o de su fallo). La transcripción permanece privada en tu red.",
    "recordingExpiredNoTranscript": "No hay audio guardado de esta reunión. Cuando la transcripción falla, el audio se elimina 24 horas después del fallo.",
    "recordingExpiredNotice": "El audio de esta reunión ya fue eliminado: solo se guarda 24 horas después de la transcripción. La transcripción sigue aquí.",
    "reprocessHint": "El audio de esta reunión sigue guardado hasta el {{date}}. Reprocesar usa el mismo audio, sin grabar de nuevo, y reemplaza la transcripción y las sugerencias anteriores. Si sale bien, el audio se guarda 24 horas más a partir de la nueva transcripción.",
  },
  "fr": {
    "audioDeadlinePending": "· supprimé 24 heures après la transcription (ou après son échec)",
    "availableUntilAt": "· disponible jusqu'au {{date}}",
    "consentCheckboxLabel": "Je confirme que toutes les personnes participantes ont autorisé l'enregistrement et le traitement privé de cet audio, qui est supprimé 24 heures après la transcription (ou après son échec).",
    "consentNotice": "N'enregistrez qu'avec le consentement de toutes les personnes présentes. L'audio est privé et supprimé 24 heures après la transcription (ou après son échec).",
    "privacyNotice": "L'audio reste réservé à votre compte et est supprimé automatiquement 24 heures après la transcription (ou après son échec). La transcription reste privée dans votre réseau.",
    "recordingExpiredNoTranscript": "Aucun audio n'est conservé pour cette réunion. Lorsque la transcription échoue, l'audio est supprimé 24 heures après l'échec.",
    "recordingExpiredNotice": "L'audio de cette réunion a déjà été supprimé : il n'est conservé que 24 heures après la transcription. La transcription reste disponible ici.",
    "reprocessHint": "L'audio de cette réunion reste conservé jusqu'au {{date}}. Le retraitement utilise le même audio, sans nouvel enregistrement, et remplace la transcription et les suggestions précédentes. S'il réussit, l'audio est conservé 24 heures de plus à partir de la nouvelle transcription.",
  },
  "hi": {
    "audioDeadlinePending": "· ट्रांसक्रिप्शन (या उसके विफल होने) के 24 घंटे बाद हटा दिया जाता है",
    "availableUntilAt": "· {{date}} तक उपलब्ध",
    "consentCheckboxLabel": "मैं पुष्टि करती हूं कि इस बैठक में शामिल सभी लोगों ने रिकॉर्डिंग और इस ऑडियो के निजी उपयोग की अनुमति दी है, जिसे ट्रांसक्रिप्शन (या उसके विफल होने) के 24 घंटे बाद हटा दिया जाता है।",
    "consentNotice": "केवल सभी लोगों की सहमति से ही रिकॉर्ड करें। ऑडियो निजी है और ट्रांसक्रिप्शन (या उसके विफल होने) के 24 घंटे बाद हटा दिया जाता है।",
    "privacyNotice": "ऑडियो केवल आपके खाते तक सीमित रहता है और ट्रांसक्रिप्शन (या उसके विफल होने) के 24 घंटे बाद अपने आप हट जाता है। ट्रांसक्रिप्ट आपके नेटवर्क में निजी बनी रहती है।",
    "recordingExpiredNoTranscript": "इस बैठक का कोई ऑडियो सहेजा नहीं गया है। ट्रांसक्रिप्शन विफल होने पर, ऑडियो विफलता के 24 घंटे बाद हटा दिया जाता है।",
    "recordingExpiredNotice": "इस बैठक का ऑडियो हटा दिया गया है: इसे ट्रांसक्रिप्शन के बाद केवल 24 घंटे तक रखा जाता है। ट्रांसक्रिप्ट अभी भी यहां मौजूद है।",
    "reprocessHint": "इस बैठक का ऑडियो {{date}} तक सहेजा रहेगा। फिर से प्रोसेस करने में वही ऑडियो इस्तेमाल होता है, नई रिकॉर्डिंग के बिना, और पिछला ट्रांसक्रिप्ट और सुझाव बदल दिए जाते हैं। सफल होने पर, ऑडियो नए ट्रांसक्रिप्शन से 24 घंटे और सहेजा रहता है।",
  },
  "ja": {
    "audioDeadlinePending": "· 文字起こし（または文字起こしの失敗）の24時間後に削除",
    "availableUntilAt": "· 有効期限 {{date}}",
    "consentCheckboxLabel": "本ミーティングの参加者全員が、この音声の録音および非公開での取り扱いに同意していることを確認します。この音声は文字起こし（または文字起こしの失敗）の24時間後に削除されます。",
    "consentNotice": "録音は必ず全員の同意を得てから行ってください。音声は非公開で、文字起こし（または文字起こしの失敗）の24時間後に削除されます。",
    "privacyNotice": "音声はあなたのアカウントに限定され、文字起こし（または文字起こしの失敗）の24時間後に自動的に削除されます。文字起こしはあなたのネットワーク内で非公開のまま保持されます。",
    "recordingExpiredNoTranscript": "このミーティングに保存された音声はありません。文字起こしに失敗した場合、音声は失敗の24時間後に削除されます。",
    "recordingExpiredNotice": "このミーティングの音声はすでに削除されました。音声は文字起こしの24時間後までしか保存されません。文字起こしはこちらに残っています。",
    "reprocessHint": "このミーティングの音声は{{date}}まで保存されています。再処理では同じ音声を使うため録音し直す必要はなく、以前の文字起こしと提案は置き換えられます。再処理が成功すると、音声は新しい文字起こしからさらに24時間保存されます。",
  },
  "pt-BR": {
    "audioDeadlinePending": "· apagado 24 horas depois da transcrição (ou da falha dela)",
    "availableUntilAt": "· disponível até {{date}}",
    "consentCheckboxLabel": "Confirmo que todas as pessoas participantes autorizaram a gravação e o tratamento privado deste áudio, que é apagado 24 horas depois da transcrição (ou da falha dela).",
    "consentNotice": "Somente grave com consentimento de todas as pessoas. O áudio é privado e é apagado 24 horas depois da transcrição (ou da falha dela).",
    "privacyNotice": "O áudio fica restrito à sua conta e é apagado automaticamente 24 horas depois da transcrição (ou da falha dela). A transcrição permanece privada na sua rede.",
    "recordingExpiredNoTranscript": "Não há áudio guardado desta reunião. Quando a transcrição falha, o áudio é apagado 24 horas depois da falha.",
    "recordingExpiredNotice": "O áudio desta reunião já foi apagado: ele fica guardado só 24 horas depois da transcrição. A transcrição continua aqui.",
    "reprocessHint": "O áudio desta reunião continua guardado até {{date}}. Reprocessar usa o mesmo áudio, sem gravar de novo, e substitui a transcrição e as sugestões anteriores. Se der certo, o áudio fica guardado por mais 24 horas a partir da nova transcrição.",
  },
  "ru": {
    "audioDeadlinePending": "· удаляется через 24 часа после транскрипции (или после её сбоя)",
    "availableUntilAt": "· доступно до {{date}}",
    "consentCheckboxLabel": "Подтверждаю, что все участники дали согласие на запись и приватную обработку этого аудио, которое удаляется через 24 часа после транскрипции (или после её сбоя).",
    "consentNotice": "Записывайте только с согласия всех участников. Аудио приватно и удаляется через 24 часа после транскрипции (или после её сбоя).",
    "privacyNotice": "Аудио доступно только в вашей учётной записи и автоматически удаляется через 24 часа после транскрипции (или после её сбоя). Транскрипция остаётся приватной в вашей сети.",
    "recordingExpiredNoTranscript": "Для этой встречи аудио не сохранено. Если транскрипция не удалась, аудио удаляется через 24 часа после сбоя.",
    "recordingExpiredNotice": "Аудио этой встречи уже удалено: оно хранится только 24 часа после транскрипции. Транскрипция остаётся здесь.",
    "reprocessHint": "Аудио этой встречи хранится до {{date}}. Повторная обработка использует то же аудио, без новой записи, и заменяет прежнюю транскрипцию и предложения. Если она пройдёт успешно, аудио будет храниться ещё 24 часа с момента новой транскрипции.",
  },
  "zh": {
    "audioDeadlinePending": "· 转录完成（或转录失败）24小时后删除",
    "availableUntilAt": "· 有效期至 {{date}}",
    "consentCheckboxLabel": "我确认所有参与者均已授权对本次会议进行录制及私密处理。该音频将在转录完成（或转录失败）24小时后删除。",
    "consentNotice": "请务必征得所有参与者的同意后再录制。音频为私密内容，将在转录完成（或转录失败）24小时后删除。",
    "privacyNotice": "音频仅限您的账户访问，并将在转录完成（或转录失败）24小时后自动删除。转录内容将在您的人脉网络中保持私密。",
    "recordingExpiredNoTranscript": "此会议没有保存音频。转录失败时，音频将在失败24小时后删除。",
    "recordingExpiredNotice": "此会议的音频已被删除：音频仅在转录完成后保存24小时。转录内容仍保留在此处。",
    "reprocessHint": "此会议的音频保存至 {{date}}。重新处理将使用同一段音频，无需重新录制，并替换之前的转录内容和建议。如果处理成功，音频将从新的转录完成起再保存24小时。",
  },
}
`;
